PainterBWBitmap.hpp:54:13:touchgfx::PainterBWBitmap::~PainterBWBitmap()	8	static
PainterBWBitmap.hpp:54:13:virtual touchgfx::PainterBWBitmap::~PainterBWBitmap()	8	static
PainterBWBitmap.cpp:158:6:virtual bool touchgfx::PainterBWBitmap::renderInit()	32	static
PainterBWBitmap.cpp:37:6:virtual void touchgfx::PainterBWBitmap::render(uint8_t*, int, int, int, unsigned int, const uint8_t*)	56	static
PainterBWBitmap.cpp:188:6:virtual bool touchgfx::PainterBWBitmap::renderNext(uint8_t&)	16	static
PainterBWBitmap.cpp:27:6:void touchgfx::PainterBWBitmap::setBitmap(const touchgfx::Bitmap&)	24	static
PainterBWBitmap.cpp:21:1:touchgfx::PainterBWBitmap::PainterBWBitmap(const touchgfx::Bitmap&)	16	static
