Transition.hpp:100:18:virtual void touchgfx::Transition::tearDown()	0	static
Transition.hpp:110:18:virtual void touchgfx::Transition::init()	0	static
Transition.hpp:122:18:virtual void touchgfx::Transition::setScreenContainer(touchgfx::Container&)	0	static
Application.hpp:97:18:virtual void touchgfx::Application::appSwitchScreen(uint8_t)	0	static
MVPApplication.hpp:79:18:virtual void touchgfx::MVPApplication::handlePendingScreenTransition()	8	static
FrontendApplicationBase.hpp:16:13:FrontendApplicationBase::~FrontendApplicationBase()	0	static
NoTransition.hpp:52:13:touchgfx::NoTransition::~NoTransition()	0	static
NoTransition.hpp:61:18:virtual void touchgfx::NoTransition::handleTickEvent()	0	static
Callback.hpp:557:8:touchgfx::Callback<FrontendApplicationBase>::~Callback()	0	static
Callback.hpp:595:18:void touchgfx::Callback<dest_type, void, void, void>::execute() [with dest_type = FrontendApplicationBase]	8	static
Callback.hpp:609:18:bool touchgfx::Callback<dest_type, void, void, void>::isValid() const [with dest_type = FrontendApplicationBase]	0	static
NoTransition.hpp:52:13:virtual touchgfx::NoTransition::~NoTransition()	8	static
FrontendApplicationBase.hpp:16:13:virtual FrontendApplicationBase::~FrontendApplicationBase()	8	static
Callback.hpp:557:8:virtual touchgfx::Callback<FrontendApplicationBase>::~Callback()	8	static
FrontendApplicationBase.cpp:16:1:FrontendApplicationBase::FrontendApplicationBase(Model&, FrontendHeap&)	16	static
FrontendApplicationBase.cpp:30:6:void FrontendApplicationBase::gotoScreen3ScreenNoTransition()	40	static
MVPApplication.hpp:192:16:PresenterType* touchgfx::makeTransition(touchgfx::Screen**, touchgfx::Presenter**, touchgfx::MVPHeap&, touchgfx::Transition**, ModelType*) [with ScreenType = Screen3View; PresenterType = Screen3Presenter; TransType = touchgfx::NoTransition; ModelType = Model]	32	static
FrontendApplicationBase.cpp:36:6:void FrontendApplicationBase::gotoScreen3ScreenNoTransitionImpl()	16	static
