main.cpp:767:13:void MX_SDMMC1_SD_Init()	0	static
main.cpp:1166:13:void MX_GPIO_Init()	104	static
main.cpp:309:13:void MX_ADC3_Init()	32	static
main.cpp:359:13:void MX_CRC_Init()	8	static
main.cpp:390:13:void MX_DCMI_Init()	8	static
main.cpp:427:13:void MX_ETH_Init()	16	static
main.cpp:472:13:void MX_I2C1_Init()	16	static
main.cpp:518:13:void MX_I2C3_Init()	16	static
main.cpp:564:13:void MX_QUADSPI_Init()	8	static
main.cpp:599:13:void MX_RTC_Init()	88	static
main.cpp:692:13:void MX_SAI2_Init()	16	static
main.cpp:795:13:void MX_SPDIFRX_Init()	8	static
main.cpp:831:13:void MX_SPI2_Init()	8	static
main.cpp:989:13:void MX_TIM8_Init()	48	static
main.cpp:871:13:void MX_TIM3_Init()	72	static
main.cpp:930:13:void MX_TIM5_Init()	72	static
main.cpp:1036:13:void MX_TIM12_Init()	48	static
main.cpp:1078:13:void MX_USART1_UART_Init()	8	static
main.cpp:1113:13:void MX_USART6_UART_Init()	8	static
main.cpp:1146:13:void MX_DMA_Init()	16	static
main.cpp:1339:6:void StartDefaultTask(const void*)	8	static
main.cpp:227:6:void SystemClock_Config()	224	static
main.cpp:126:5:int main()	32	static
main.cpp:1367:6:void HAL_TIM_PeriodElapsedCallback(TIM_HandleTypeDef*)	8	static
main.cpp:1384:6:void Error_Handler()	0	static
