Screen.hpp:140:18:virtual void touchgfx::Screen::afterTransition()	0	static
Screen.hpp:198:18:virtual void touchgfx::Screen::handleTickEvent()	0	static
Screen.hpp:213:18:virtual void touchgfx::Screen::handleKeyEvent(uint8_t)	0	static
Screen3View.cpp:62:6:virtual void Screen3View::tearDownScreen()	0	static
Screen3View.cpp:67:6:virtual void Screen3View::playPrevSong()	0	static
Screen3View.cpp:71:6:virtual void Screen3View::playNextSong()	0	static
Screen3View.cpp:84:6:virtual void Screen3View::moveSongPosition(int)	0	static
Screen3View.cpp:57:6:virtual void Screen3View::setupScreen()	8	static
Screen3View.cpp:77:6:virtual void Screen3View::playPause()	16	static
Screen3View.cpp:52:1:Screen3View::Screen3View()	8	static
Screen3View.cpp:174:6:void BSP_init()	8	static
Screen3View.cpp:340:6:void copy_leftover()	8	static
Screen3View.cpp:316:5:int fill_input_buffer()	16	static
Screen3View.cpp:227:5:int mp3_player_process_frame()	56	static
Screen3View.cpp:182:6:void mp3_player_play()	8	static
Screen3View.cpp:292:6:void BSP_AUDIO_OUT_TransferComplete_CallBack()	8	static
Screen3View.cpp:304:6:void BSP_AUDIO_OUT_HalfTransfer_CallBack()	8	static
Screen3View.cpp:349:6:void reset_player_state()	0	static
Screen3View.hpp:12:13:Screen3View::~Screen3View()	8	static
Screen3View.hpp:12:13:virtual Screen3View::~Screen3View()	8	static
