Screen.hpp:140:18:virtual void touchgfx::Screen::afterTransition()	0	static
Screen.hpp:198:18:virtual void touchgfx::Screen::handleTickEvent()	0	static
Screen.hpp:213:18:virtual void touchgfx::Screen::handleKeyEvent(uint8_t)	0	static
Screen3View.cpp:61:6:virtual void Screen3View::tearDownScreen()	0	static
Screen3View.cpp:66:6:virtual void Screen3View::playPrevSong()	0	static
Screen3View.cpp:70:6:virtual void Screen3View::playNextSong()	0	static
Screen3View.cpp:83:6:virtual void Screen3View::moveSongPosition(int)	0	static
Screen3View.cpp:56:6:virtual void Screen3View::setupScreen()	8	static
Screen3View.cpp:76:6:virtual void Screen3View::playPause()	16	static
Screen3View.cpp:51:1:Screen3View::Screen3View()	8	static
Screen3View.cpp:173:6:void BSP_init()	8	static
Screen3View.cpp:339:6:void copy_leftover()	8	static
Screen3View.cpp:315:5:int fill_input_buffer()	16	static
Screen3View.cpp:226:5:int mp3_player_process_frame()	56	static
Screen3View.cpp:181:6:void mp3_player_play()	8	static
Screen3View.cpp:291:6:void BSP_AUDIO_OUT_TransferComplete_CallBack()	8	static
Screen3View.cpp:303:6:void BSP_AUDIO_OUT_HalfTransfer_CallBack()	8	static
Screen3View.cpp:348:6:void reset_player_state()	0	static
Screen3View.hpp:12:13:Screen3View::~Screen3View()	8	static
Screen3View.hpp:12:13:virtual Screen3View::~Screen3View()	8	static
