Screen.hpp:140:18:virtual void touchgfx::Screen::afterTransition()	0	static
Screen.hpp:198:18:virtual void touchgfx::Screen::handleTickEvent()	0	static
Screen.hpp:213:18:virtual void touchgfx::Screen::handleKeyEvent(uint8_t)	0	static
Screen3View.cpp:14:6:virtual void Screen3View::tearDownScreen()	0	static
Screen3View.cpp:19:6:virtual void Screen3View::playPrevSong()	0	static
Screen3View.cpp:23:6:virtual void Screen3View::playNextSong()	0	static
Screen3View.cpp:36:6:virtual void Screen3View::moveSongPosition(int)	0	static
Screen3View.cpp:9:6:virtual void Screen3View::setupScreen()	8	static
Screen3View.cpp:29:6:virtual void Screen3View::playPause()	16	static
Screen3View.cpp:4:1:Screen3View::Screen3View()	8	static
Screen3View.hpp:12:13:Screen3View::~Screen3View()	8	static
Screen3View.hpp:12:13:virtual Screen3View::~Screen3View()	8	static
